// Jest Snapshot v1, https://goo.gl/fbAQLP

exports[`LoanDetails tests should load the details component 1`] = `
<Container>
  <Loader>
    <Error>
      <Container>
        <LoanMetadata />
      </Container>
    </Error>
  </Loader>
</Container>
`;
