// Jest Snapshot v1, https://goo.gl/fbAQLP

exports[`ItemDetails tests should load the details component 1`] = `
<Container>
  <Loader>
    <Error>
      <ItemMetadata />
      <ItemPastLoans />
    </Error>
  </Loader>
</Container>
`;
