// Jest Snapshot v1, https://goo.gl/fbAQLP

exports[`DocumentDetails tests should load the details component 1`] = `
<Container>
  <Loader>
    <Error>
      <DocumentMetadata />
      <DocumentPendingLoans />
      <DocumentItems />
      <DocumentRelations />
      <DocumentStats />
    </Error>
  </Loader>
</Container>
`;
